[www.alecia.fr/operations.html]
[backblue.gif]
[fade.gif]
[index.html]
[www.alecia.fr/expertises.html]
[www.alecia.fr/actualites.html]
[www.alecia.fr/equipe.html]
[www.alecia.fr/nous-rejoindre.html]
[www.alecia.fr/contact.html]
[www.alecia.fr/operations/hmr-2.html]
[www.alecia.fr/operations/hmr.html]
[www.alecia.fr/operations/safe-group.html]
[www.alecia.fr/operations/signes.html]
[www.alecia.fr/operations/xrl-consulting.html]
[www.alecia.fr/operations/confidentiel.html]
[www.alecia.fr/operations/maison-bracq.html]
[www.alecia.fr/operations/kanope.html]
[www.alecia.fr/operations/hollys.html]
[www.alecia.fr/operations/lovial.html]
[www.alecia.fr/operations/omnes-education-2.html]
[www.alecia.fr/operations/omnes-education.html]
[www.alecia.fr/operations/patie-michel.html]
[www.alecia.fr/operations/jardin-molinari.html]
[www.alecia.fr/operations/uside.html]
[www.alecia.fr/operations/gault-fremont.html]
[www.alecia.fr/operations/finaxy.html]
[www.alecia.fr/operations/realites.html]
[www.alecia.fr/operations/wyz-group.html]
[www.alecia.fr/operations/link4life.html]
[www.alecia.fr/operations/bolden.html]
[www.alecia.fr/operations/april.html]
[www.alecia.fr/operations/socodi.html]
[www.alecia.fr/operations/le-wagon.html]
[www.alecia.fr/operations/eurasia.html]
[www.alecia.fr/operations/come-to-paris.html]
[www.alecia.fr/operations/axelliance.html]
[www.alecia.fr/operations/temelio.html]
[www.alecia.fr/operations/kujten.html]
[www.alecia.fr/operations/staci.html]
[www.alecia.fr/operations/haudecoeur.html]
[www.alecia.fr/operations/sophie-lebreuilly.html]
[www.alecia.fr/operations/les-ateliers-peyrache.html]
[www.alecia.fr/operations/patchwork.html]
[www.alecia.fr/operations/y2a.html]
[www.alecia.fr/operations/pixiel-group.html]
[www.alecia.fr/operations/mia-solutions-rh.html]
[www.alecia.fr/operations/opteven.html]
[www.alecia.fr/operations/filiassur.html]
[www.alecia.fr/operations/cc-c.html]
[www.alecia.fr/operations/editions-365.html]
[www.alecia.fr/operations/isp-system.html]
[www.alecia.fr/operations/soleo.html]
[www.alecia.fr/operations-logos/banque-populaire-rives-de-paris]
[www.alecia.fr/operations-logos/bnp-paribas]
[www.alecia.fr/operations-logos/pool-bancaire]
[www.alecia.fr/operations-logos/french-food-capital]
[www.alecia.fr/operations-logos/logo-copy-3]
[www.alecia.fr/operations-logos/logo-copy-2]
[www.alecia.fr/operations-logos/logo-copy]
[www.alecia.fr/operations-logos/logo]
[www.alecia.fr/politique-de-confidentialite.html]
[www.alecia.fr/mentions-legales.html]
[www.alecia.fr/operations.html]
[www.alecia.fr/expertises.html]
[www.alecia.fr/actualites.html]
[www.alecia.fr/equipe.html]
[www.alecia.fr/nous-rejoindre.html]
[www.alecia.fr/contact.html]
[www.alecia.fr/operations/hmr-2.html]
[www.alecia.fr/operations/hmr.html]
[www.alecia.fr/operations/safe-group.html]
[www.alecia.fr/operations/signes.html]
[www.alecia.fr/operations/xrl-consulting.html]
[www.alecia.fr/operations/confidentiel.html]
[www.alecia.fr/operations/maison-bracq.html]
[www.alecia.fr/operations/kanope.html]
[www.alecia.fr/operations/hollys.html]
[www.alecia.fr/operations/lovial.html]
[www.alecia.fr/operations/omnes-education-2.html]
[www.alecia.fr/operations/omnes-education.html]
[www.alecia.fr/operations/patie-michel.html]
[www.alecia.fr/operations/jardin-molinari.html]
[www.alecia.fr/operations/uside.html]
[www.alecia.fr/operations/gault-fremont.html]
[www.alecia.fr/operations/finaxy.html]
[www.alecia.fr/operations/realites.html]
[www.alecia.fr/operations/wyz-group.html]
[www.alecia.fr/operations/link4life.html]
[www.alecia.fr/operations/bolden.html]
[www.alecia.fr/operations/april.html]
[www.alecia.fr/operations/socodi.html]
[www.alecia.fr/operations/le-wagon.html]
[www.alecia.fr/operations/eurasia.html]
[www.alecia.fr/operations/come-to-paris.html]
[www.alecia.fr/operations/axelliance.html]
[www.alecia.fr/operations/temelio.html]
[www.alecia.fr/operations/kujten.html]
[www.alecia.fr/operations/staci.html]
[www.alecia.fr/operations/haudecoeur.html]
[www.alecia.fr/operations/sophie-lebreuilly.html]
[www.alecia.fr/operations/les-ateliers-peyrache.html]
[www.alecia.fr/operations/patchwork.html]
[www.alecia.fr/operations/y2a.html]
[www.alecia.fr/operations/pixiel-group.html]
[www.alecia.fr/operations/mia-solutions-rh.html]
[www.alecia.fr/operations/opteven.html]
[www.alecia.fr/operations/filiassur.html]
[www.alecia.fr/actualites/safe-groupe-acquiert-dogs-security.html]
[www.alecia.fr/operations/cc-c.html]
[www.alecia.fr/operations/editions-365.html]
[www.alecia.fr/operations/isp-system.html]
[www.alecia.fr/operations/soleo.html]
[www.alecia.fr/operations-logos/banque-populaire-rives-de-paris.html]
[www.alecia.fr/operations-logos/bnp-paribas.html]
[www.alecia.fr/operations-logos/pool-bancaire.html]
[www.alecia.fr/operations-logos/french-food-capital.html]
[www.alecia.fr/operations-logos/logo-copy-3.html]
[www.alecia.fr/operations-logos/logo-copy-2.html]
[www.alecia.fr/operations-logos/logo-copy.html]
[www.alecia.fr/operations-logos/logo.html]
[www.alecia.fr/politique-de-confidentialite.html]
[www.alecia.fr/mentions-legales.html]
[www.alecia.fr/actualites/safe-groupe-acquiert-dogs-security.html]
[www.alecia.fr/index.html]
[www.alecia.fr/operations/keller-williams.html]
[www.alecia.fr/operations/capelli.html]
[www.alecia.fr/operations/kfc.html]
[www.alecia.fr/operations-logos/caisse-depargne-bretagne-pays-de-loire.html]
[www.alecia.fr/operations-logos/bpi-france.html]
[www.alecia.fr/operations-logos/apax-partners.html]
[www.alecia.fr/operations-logos/cipres.html]
[www.alecia.fr/operations-logos/finorpa.html]
[www.alecia.fr/operations-logos/generis-capital-partners.html]
[www.alecia.fr/operations-logos/logo-copy-4.html]
